// 同步 ID: b018da31 @ Wed Jul 29 22:41:52 UTC 2026
// 同步 ID: 5f6b3af7 @ Thu Jul 30 16:37:48 UTC 2026
// 重构日志: 9defcc57
// 同步 ID: 5b48e423 @ Fri Jul 31 10:32:14 UTC 2026
// 同步 ID: 59c9972a @ Fri Jul 31 14:26:58 UTC 2026
// 重构日志: 10958cad
// 同步 ID: 9064d3cd @ Sat Aug  1 03:44:32 UTC 2026
// 重构日志: 5a08db30
// 同步 ID: 0274203c @ Sat Aug  1 13:29:37 UTC 2026
// 重构日志: b79c8ffc
// 重构日志: d44bb0ef
// 同步 ID: 69def0bf @ Mon Aug  3 14:19:53 UTC 2026
// 重构日志: 10a4e4c8
// 重构日志: 369f43bf
// 重构日志: 9570f211
// 重构日志: f00acc41
// 重构日志: c157a0b6
// 重构日志: 7cc2bd12
// 重构日志: eba8ddc5
// 重构日志: eb27c2a6
// 重构日志: 8bb86b1f
// 重构日志: b7f3533f
// 重构日志: a6418342
// 重构日志: a750c331
// 重构日志: 88623d3b
// 重构日志: 5c4470e2
// 重构日志: 5aef02bc
// 同步 ID: b668b77d @ Sat Aug  8 06:40:15 UTC 2026
// 重构日志: 24aa9ed1
// 同步 ID: 15aeadc3 @ Sat Aug  8 14:28:27 UTC 2026
